// Jest Snapshot v1, https://goo.gl/fbAQLP

exports[`renders Header correctly 1`] = `
<header
  className="MuiPaper-root MuiPaper-elevation MuiPaper-elevation4 MuiAppBar-root MuiAppBar-colorPrimary MuiAppBar-positionStatic css-hip9hq-MuiPaper-root-MuiAppBar-root"
>
  <div
    className="MuiToolbar-root MuiToolbar-gutters MuiToolbar-regular css-hyum1k-MuiToolbar-root"
  >
    <div
      className="MuiTypography-root MuiTypography-h5 css-73zt9z-MuiTypography-root"
    >
      <a
        className="MuiTypography-root MuiTypography-inherit MuiLink-root MuiLink-underlineNone css-1n8yj6x-MuiTypography-root-MuiLink-root"
        href="/"
        onBlur={[Function]}
        onFocus={[Function]}
      >
        Media Favourites Manager
      </a>
    </div>
    <a
      className="MuiTypography-root MuiTypography-inherit MuiLink-root MuiLink-underlineNone css-1atexe4-MuiTypography-root-MuiLink-root"
      href="/favourites"
      onBlur={[Function]}
      onFocus={[Function]}
    >
      Favourites
    </a>
  </div>
</header>
`;
